// Jest Snapshot v1, https://goo.gl/fbAQLP

exports[`Menu renders correctly 1`] = `
<nav
  className="menu"
>
  <ul
    className="menu__list"
  >
    <li
      className="menu__list-item"
    >
      <a
        className="menu__list-item-link"
        href="/#0/"
      >
        ITEM 0
      </a>
    </li>
    <li
      className="menu__list-item"
    >
      <a
        className="menu__list-item-link"
        href="/#1/"
      >
        ITEM 1
      </a>
    </li>
  </ul>
</nav>
`;
