// Jest Snapshot v1, https://goo.gl/fbAQLP

exports[`Meta renders correctly 1`] = `
<div
  className="meta"
>
  <p
    className="meta__date"
  >
    2016년 09월 1일
  </p>
</div>
`;
